"c:\Program Files (x86)\DevExpress 17.2\Components\Bin\Framework\DevExpress.BonusSkins.v17.2.dll"
"c:\Program Files (x86)\DevExpress 17.2\Components\Bin\Framework\DevExpress.Charts.v17.2.Core.dll"
"c:\Program Files (x86)\DevExpress 17.2\Components\Bin\Framework\DevExpress.CodeConverter.v17.2.dll"
"c:\Program Files (x86)\DevExpress 17.2\Components\Bin\Framework\DevExpress.CodeParser.v17.2.dll"
"c:\Program Files (x86)\DevExpress 17.2\Components\Bin\Framework\DevExpress.Data.v17.2.dll"
"c:\Program Files (x86)\DevExpress 17.2\Components\Bin\Framework\DevExpress.DataAccess.v17.2.dll"
"c:\Program Files (x86)\DevExpress 17.2\Components\Bin\Framework\DevExpress.DataAccess.v17.2.UI.dll"
"c:\Program Files (x86)\DevExpress 17.2\Components\Bin\Framework\DevExpress.Diagram.v17.2.Core.dll"
"c:\Program Files (x86)\DevExpress 17.2\Components\Bin\Framework\DevExpress.Images.v17.2.dll"
"c:\Program Files (x86)\DevExpress 17.2\Components\Bin\Framework\DevExpress.Map.v17.2.Core.dll"
"c:\Program Files (x86)\DevExpress 17.2\Components\Bin\Framework\DevExpress.Mvvm.v17.2.DataModel.dll"
"c:\Program Files (x86)\DevExpress 17.2\Components\Bin\Framework\DevExpress.Mvvm.v17.2.DataModel.EF6.dll"
"c:\Program Files (x86)\DevExpress 17.2\Components\Bin\Framework\DevExpress.Mvvm.v17.2.DataModel.EFCore.dll"
"c:\Program Files (x86)\DevExpress 17.2\Components\Bin\Framework\DevExpress.Mvvm.v17.2.DataModel.WCF.dll"
"c:\Program Files (x86)\DevExpress 17.2\Components\Bin\Framework\DevExpress.Mvvm.v17.2.dll"
"c:\Program Files (x86)\DevExpress 17.2\Components\Bin\Framework\DevExpress.Mvvm.v17.2.ViewModel.dll"
"c:\Program Files (x86)\DevExpress 17.2\Components\Bin\Framework\DevExpress.Office.v17.2.Core.dll"
"c:\Program Files (x86)\DevExpress 17.2\Components\Bin\Framework\DevExpress.Pdf.v17.2.Core.dll"
"c:\Program Files (x86)\DevExpress 17.2\Components\Bin\Framework\DevExpress.Pdf.v17.2.Drawing.dll"
"c:\Program Files (x86)\DevExpress 17.2\Components\Bin\Framework\DevExpress.Persistent.Base.v17.2.dll"
"c:\Program Files (x86)\DevExpress 17.2\Components\Bin\Framework\DevExpress.Persistent.BaseImpl.EF.v17.2.dll"
"c:\Program Files (x86)\DevExpress 17.2\Components\Bin\Framework\DevExpress.Persistent.BaseImpl.v17.2.dll"
"c:\Program Files (x86)\DevExpress 17.2\Components\Bin\Framework\DevExpress.PivotGrid.v17.2.Core.dll"
"c:\Program Files (x86)\DevExpress 17.2\Components\Bin\Framework\DevExpress.Printing.v17.2.Core.dll"
"c:\Program Files (x86)\DevExpress 17.2\Components\Bin\Framework\DevExpress.RichEdit.v17.2.Core.dll"
"c:\Program Files (x86)\DevExpress 17.2\Components\Bin\Framework\DevExpress.RichEdit.v17.2.Export.dll"
"c:\Program Files (x86)\DevExpress 17.2\Components\Bin\Framework\DevExpress.Sparkline.v17.2.Core.dll"
"c:\Program Files (x86)\DevExpress 17.2\Components\Bin\Framework\DevExpress.SpellChecker.v17.2.Core.dll"
"c:\Program Files (x86)\DevExpress 17.2\Components\Bin\Framework\DevExpress.Spreadsheet.v17.2.Core.dll"
"c:\Program Files (x86)\DevExpress 17.2\Components\Bin\Framework\DevExpress.TreeMap.v17.2.Core.dll"
"c:\Program Files (x86)\DevExpress 17.2\Components\Bin\Framework\DevExpress.Utils.v17.2.dll"
"c:\Program Files (x86)\DevExpress 17.2\Components\Bin\Framework\DevExpress.Utils.v17.2.UI.dll"
"c:\Program Files (x86)\DevExpress 17.2\Components\Bin\Framework\DevExpress.Xpo.v17.2.dll"
"c:\Program Files (x86)\DevExpress 17.2\Components\Bin\Framework\DevExpress.Xpo.v17.2.Extensions.dll"
"c:\Program Files (x86)\DevExpress 17.2\Components\Bin\Framework\DevExpress.XtraBars.v17.2.dll"
"c:\Program Files (x86)\DevExpress 17.2\Components\Bin\Framework\DevExpress.XtraCharts.v17.2.dll"
"c:\Program Files (x86)\DevExpress 17.2\Components\Bin\Framework\DevExpress.XtraCharts.v17.2.Extensions.dll"
"c:\Program Files (x86)\DevExpress 17.2\Components\Bin\Framework\DevExpress.XtraCharts.v17.2.UI.dll"
"c:\Program Files (x86)\DevExpress 17.2\Components\Bin\Framework\DevExpress.XtraCharts.v17.2.Wizard.dll"
"c:\Program Files (x86)\DevExpress 17.2\Components\Bin\Framework\DevExpress.XtraDiagram.v17.2.dll"
"c:\Program Files (x86)\DevExpress 17.2\Components\Bin\Framework\DevExpress.XtraEditors.v17.2.dll"
"c:\Program Files (x86)\DevExpress 17.2\Components\Bin\Framework\DevExpress.XtraGauges.v17.2.Core.dll"
"c:\Program Files (x86)\DevExpress 17.2\Components\Bin\Framework\DevExpress.XtraGauges.v17.2.Presets.dll"
"c:\Program Files (x86)\DevExpress 17.2\Components\Bin\Framework\DevExpress.XtraGauges.v17.2.Win.dll"
"c:\Program Files (x86)\DevExpress 17.2\Components\Bin\Framework\DevExpress.XtraGrid.v17.2.dll"
"c:\Program Files (x86)\DevExpress 17.2\Components\Bin\Framework\DevExpress.XtraLayout.v17.2.dll"
"c:\Program Files (x86)\DevExpress 17.2\Components\Bin\Framework\DevExpress.XtraMap.v17.2.dll"
"c:\Program Files (x86)\DevExpress 17.2\Components\Bin\Framework\DevExpress.XtraNavBar.v17.2.dll"
"c:\Program Files (x86)\DevExpress 17.2\Components\Bin\Framework\DevExpress.XtraPivotGrid.v17.2.dll"
"c:\Program Files (x86)\DevExpress 17.2\Components\Bin\Framework\DevExpress.XtraPrinting.v17.2.dll"
"c:\Program Files (x86)\DevExpress 17.2\Components\Bin\Framework\DevExpress.XtraReports.v17.2.dll"
"c:\Program Files (x86)\DevExpress 17.2\Components\Bin\Framework\DevExpress.XtraReports.v17.2.Extensions.dll"
"c:\Program Files (x86)\DevExpress 17.2\Components\Bin\Framework\DevExpress.XtraRichEdit.v17.2.dll"
"c:\Program Files (x86)\DevExpress 17.2\Components\Bin\Framework\DevExpress.XtraRichEdit.v17.2.Extensions.dll"
"c:\Program Files (x86)\DevExpress 17.2\Components\Bin\Framework\DevExpress.XtraScheduler.v17.2.Core.dll"
"c:\Program Files (x86)\DevExpress 17.2\Components\Bin\Framework\DevExpress.XtraScheduler.v17.2.dll"
"c:\Program Files (x86)\DevExpress 17.2\Components\Bin\Framework\DevExpress.XtraScheduler.v17.2.Extensions.dll"
"c:\Program Files (x86)\DevExpress 17.2\Components\Bin\Framework\DevExpress.XtraScheduler.v17.2.Reporting.dll"
"c:\Program Files (x86)\DevExpress 17.2\Components\Bin\Framework\DevExpress.XtraScheduler.v17.2.Reporting.Extensions.dll"
"c:\Program Files (x86)\DevExpress 17.2\Components\Bin\Framework\DevExpress.XtraSpellChecker.v17.2.dll"
"c:\Program Files (x86)\DevExpress 17.2\Components\Bin\Framework\DevExpress.XtraTreeList.v17.2.dll"
"c:\Program Files (x86)\DevExpress 17.2\Components\Bin\Framework\DevExpress.XtraTreeMap.v17.2.dll"
"c:\Program Files (x86)\DevExpress 17.2\Components\Bin\Framework\DevExpress.XtraVerticalGrid.v17.2.dll"
"c:\Program Files (x86)\DevExpress 17.2\Components\Bin\Framework\DevExpress.XtraWizard.v17.2.dll"
